F -> function I ( I ) G end $ / function
G -> I := E A / a
A -> ; G / ;
A -> e / end
E -> I C / a
C -> B C / *, +
C -> e / ;, end
B -> * I / *
B -> + I / +
I -> a / a
