F -> S $ / if, id, $, else
S -> if A then S C / if
S -> B / id, $, else
C -> else S / else
C -> e / $, else
A -> id D / id
D -> + A D / +
D -> e / then, +, $, else
B -> id = A / id
B -> e / $, else