F -> S $ / (, a, b, $, )
S -> ( S ) B / (
S -> B / a, $, ), b
B -> A B / a, b
B -> e / $, )
A -> a / a
A -> b / b