F -> S $ / a, $
S -> B / a, $
B -> A B / a, $
B -> e / $, a
A -> a / a
A -> S / a, $